// Jest Snapshot v1, https://goo.gl/fbAQLP

exports[`matches snapshot 1`] = `
<button
  className="squares X"
  data-testid="square"
  onClick={[Function]}
>
  X
</button>
`;

exports[`matches snapshot 2`] = `
<button
  className="squares X"
  data-testid="square"
  onClick={[Function]}
>
  X
</button>
`;
